[2026-08-25T14:21:29.049Z] GET http://localhost:8899/ → 200 (11ms, 28985B)
[2026-08-25T14:21:29.072Z] GET http://localhost:8899/assets/fonts/bodoni-moda-latin.woff2 → 200 (22ms, 46248B)
[2026-08-25T14:21:29.072Z] GET http://localhost:8899/assets/fonts/inter-latin.woff2 → 200 (22ms, 48432B)
[2026-08-25T14:21:29.072Z] GET http://localhost:8899/styles.css → 200 (20ms, 26678B)
[2026-08-25T14:21:29.072Z] GET http://localhost:8899/assets/CLAN_YUJO_LOGO_FULL_1__Vectorized_.svg → 200 (19ms, 4513B)
[2026-08-25T14:21:29.072Z] GET http://localhost:8899/assets/mms_logo.svg → 200 (21ms, 11313B)
[2026-08-25T14:21:29.073Z] GET http://localhost:8899/script.js → 200 (21ms, 6674B)
[2026-08-25T14:21:37.232Z] GET http://localhost:8899/ → 200 (2ms, -188B)
[2026-08-25T14:21:37.242Z] GET http://localhost:8899/assets/fonts/bodoni-moda-latin.woff2 → 200 (2ms, -189B)
[2026-08-25T14:21:37.244Z] GET http://localhost:8899/assets/fonts/inter-latin.woff2 → 200 (?ms, -189B)
[2026-08-25T14:21:37.245Z] GET http://localhost:8899/styles.css → 304 (4ms, ?B)
[2026-08-25T14:21:37.245Z] GET http://localhost:8899/assets/CLAN_YUJO_LOGO_FULL_1__Vectorized_.svg → 200 (1ms, -191B)
[2026-08-25T14:21:37.246Z] GET http://localhost:8899/assets/mms_logo.svg → 200 (?ms, -192B)
[2026-08-25T14:21:37.246Z] GET http://localhost:8899/script.js → 304 (2ms, ?B)
[2026-08-25T14:21:39.012Z] GET http://localhost:8899/ → 200 (1ms, -188B)
[2026-08-25T14:21:39.017Z] GET http://localhost:8899/assets/fonts/bodoni-moda-latin.woff2 → 200 (?ms, -189B)
[2026-08-25T14:21:39.017Z] GET http://localhost:8899/assets/fonts/inter-latin.woff2 → 200 (?ms, -189B)
[2026-08-25T14:21:39.017Z] GET http://localhost:8899/styles.css → 200 (?ms, -187B)
[2026-08-25T14:21:39.019Z] GET http://localhost:8899/assets/CLAN_YUJO_LOGO_FULL_1__Vectorized_.svg → 200 (?ms, -191B)
[2026-08-25T14:21:39.019Z] GET http://localhost:8899/assets/mms_logo.svg → 200 (?ms, -192B)
[2026-08-25T14:21:39.019Z] GET http://localhost:8899/script.js → 200 (?ms, -193B)
[2026-08-25T14:21:40.672Z] GET http://localhost:8899/ → 200 (1ms, -188B)
[2026-08-25T14:21:40.676Z] GET http://localhost:8899/assets/fonts/bodoni-moda-latin.woff2 → 200 (?ms, -189B)
[2026-08-25T14:21:40.676Z] GET http://localhost:8899/assets/fonts/inter-latin.woff2 → 200 (1ms, -189B)
[2026-08-25T14:21:40.677Z] GET http://localhost:8899/styles.css → 200 (?ms, -187B)
[2026-08-25T14:21:40.677Z] GET http://localhost:8899/assets/CLAN_YUJO_LOGO_FULL_1__Vectorized_.svg → 200 (?ms, -191B)
[2026-08-25T14:21:40.677Z] GET http://localhost:8899/assets/mms_logo.svg → 200 (?ms, -192B)
[2026-08-25T14:21:40.678Z] GET http://localhost:8899/script.js → 200 (?ms, -193B)
[2026-08-25T14:22:22.410Z] GET http://localhost:8899/ → 200 (6ms, ?B)
[2026-08-25T14:22:22.422Z] GET http://localhost:8899/assets/fonts/bodoni-moda-latin.woff2 → 304 (6ms, ?B)
[2026-08-25T14:22:22.422Z] GET http://localhost:8899/assets/fonts/inter-latin.woff2 → 304 (6ms, ?B)
[2026-08-25T14:22:22.422Z] GET http://localhost:8899/styles.css → 200 (5ms, 26845B)
[2026-08-25T14:22:22.422Z] GET http://localhost:8899/assets/CLAN_YUJO_LOGO_FULL_1__Vectorized_.svg → 200 (4ms, -191B)
[2026-08-25T14:22:22.427Z] GET http://localhost:8899/assets/mms_logo.svg → 200 (?ms, -192B)
[2026-08-25T14:22:22.427Z] GET http://localhost:8899/script.js → 304 (2ms, ?B)
[2026-08-25T14:22:25.389Z] GET http://localhost:8899/ → 200 (1ms, -188B)
[2026-08-25T14:22:25.394Z] GET http://localhost:8899/assets/fonts/bodoni-moda-latin.woff2 → 200 (?ms, -189B)
[2026-08-25T14:22:25.394Z] GET http://localhost:8899/assets/fonts/inter-latin.woff2 → 200 (?ms, -189B)
[2026-08-25T14:22:25.394Z] GET http://localhost:8899/styles.css → 304 (1ms, ?B)
[2026-08-25T14:22:25.394Z] GET http://localhost:8899/assets/CLAN_YUJO_LOGO_FULL_1__Vectorized_.svg → 200 (?ms, -191B)
[2026-08-25T14:22:25.395Z] GET http://localhost:8899/assets/mms_logo.svg → 200 (?ms, -192B)
[2026-08-25T14:22:25.395Z] GET http://localhost:8899/script.js → 200 (?ms, -193B)
[2026-08-25T14:22:28.276Z] GET http://localhost:8899/ → 200 (1ms, -188B)
[2026-08-25T14:22:28.281Z] GET http://localhost:8899/assets/fonts/bodoni-moda-latin.woff2 → 200 (?ms, -189B)
[2026-08-25T14:22:28.281Z] GET http://localhost:8899/assets/fonts/inter-latin.woff2 → 200 (?ms, -189B)
[2026-08-25T14:22:28.281Z] GET http://localhost:8899/styles.css → 304 (1ms, ?B)
[2026-08-25T14:22:28.281Z] GET http://localhost:8899/assets/CLAN_YUJO_LOGO_FULL_1__Vectorized_.svg → 200 (?ms, -191B)
[2026-08-25T14:22:28.282Z] GET http://localhost:8899/assets/mms_logo.svg → 200 (?ms, -192B)
[2026-08-25T14:22:28.282Z] GET http://localhost:8899/script.js → 200 (?ms, -193B)
[2026-08-25T14:22:43.837Z] GET http://localhost:8899/ → 200 (?ms, -188B)
[2026-08-25T14:22:43.840Z] GET http://localhost:8899/assets/fonts/bodoni-moda-latin.woff2 → 200 (1ms, -189B)
[2026-08-25T14:22:43.841Z] GET http://localhost:8899/assets/fonts/inter-latin.woff2 → 200 (?ms, -189B)
[2026-08-25T14:22:43.841Z] GET http://localhost:8899/styles.css → 304 (3ms, ?B)
[2026-08-25T14:22:43.841Z] GET http://localhost:8899/assets/CLAN_YUJO_LOGO_FULL_1__Vectorized_.svg → 200 (?ms, -191B)
[2026-08-25T14:22:43.842Z] GET http://localhost:8899/assets/mms_logo.svg → 200 (?ms, -192B)
[2026-08-25T14:22:43.842Z] GET http://localhost:8899/script.js → 304 (3ms, ?B)
[2026-08-25T14:22:46.672Z] GET http://localhost:8899/ → 200 (?ms, -188B)
[2026-08-25T14:22:46.676Z] GET http://localhost:8899/assets/fonts/bodoni-moda-latin.woff2 → 200 (?ms, -189B)
[2026-08-25T14:22:46.677Z] GET http://localhost:8899/assets/fonts/inter-latin.woff2 → 200 (?ms, -189B)
[2026-08-25T14:22:46.677Z] GET http://localhost:8899/styles.css → 304 (?ms, ?B)
[2026-08-25T14:22:46.677Z] GET http://localhost:8899/assets/CLAN_YUJO_LOGO_FULL_1__Vectorized_.svg → 200 (?ms, -191B)
[2026-08-25T14:22:46.677Z] GET http://localhost:8899/assets/mms_logo.svg → 200 (?ms, -192B)
[2026-08-25T14:22:46.677Z] GET http://localhost:8899/script.js → 200 (?ms, -193B)
[2026-08-25T14:22:49.416Z] GET http://localhost:8899/ → 200 (1ms, ?B)
[2026-08-25T14:22:49.421Z] GET http://localhost:8899/assets/fonts/bodoni-moda-latin.woff2 → 200 (?ms, -189B)
[2026-08-25T14:22:49.423Z] GET http://localhost:8899/assets/fonts/inter-latin.woff2 → 200 (?ms, -189B)
[2026-08-25T14:22:49.423Z] GET http://localhost:8899/styles.css → 200 (?ms, -187B)
[2026-08-25T14:22:49.423Z] GET http://localhost:8899/assets/CLAN_YUJO_LOGO_FULL_1__Vectorized_.svg → 200 (?ms, -191B)
[2026-08-25T14:22:49.424Z] GET http://localhost:8899/assets/mms_logo.svg → 200 (?ms, -192B)
[2026-08-25T14:22:49.424Z] GET http://localhost:8899/script.js → 200 (?ms, -193B)
[2026-08-25T14:23:57.199Z] GET http://localhost:8899/ → 200 (4ms, ?B)
[2026-08-25T14:23:57.217Z] GET http://localhost:8899/assets/fonts/bodoni-moda-latin.woff2 → 304 (5ms, ?B)
[2026-08-25T14:23:57.218Z] GET http://localhost:8899/assets/fonts/inter-latin.woff2 → 304 (5ms, ?B)
[2026-08-25T14:23:57.221Z] GET http://localhost:8899/styles.css → 304 (1ms, ?B)
[2026-08-25T14:23:57.221Z] GET http://localhost:8899/assets/CLAN_YUJO_LOGO_FULL_1__Vectorized_.svg → 304 (2ms, ?B)
[2026-08-25T14:23:57.221Z] GET http://localhost:8899/assets/mms_logo.svg → 304 (2ms, ?B)
[2026-08-25T14:23:57.221Z] GET http://localhost:8899/script.js → 304 (2ms, ?B)
[2026-08-25T14:25:59.157Z] GET http://localhost:8899/ → 200 (4ms, 28348B)
[2026-08-25T14:25:59.175Z] GET http://localhost:8899/assets/fonts/bodoni-moda-latin.woff2 → 200 (41ms, ?B)
[2026-08-25T14:25:59.175Z] GET http://localhost:8899/assets/fonts/inter-latin.woff2 → 200 (40ms, ?B)
[2026-08-25T14:25:59.176Z] GET http://localhost:8899/styles.css → 200 (?ms, 27310B)
[2026-08-25T14:25:59.176Z] GET http://localhost:8899/assets/CLAN_YUJO_LOGO_FULL_1__Vectorized_.svg → 304 (1ms, ?B)
[2026-08-25T14:25:59.176Z] GET http://localhost:8899/assets/mms_logo.svg → 304 (2ms, ?B)
[2026-08-25T14:25:59.176Z] GET http://localhost:8899/script.js → 304 (2ms, ?B)
[2026-08-25T14:26:39.341Z] GET http://localhost:8899/ → 200 (3ms, ?B)
[2026-08-25T14:26:39.347Z] GET http://localhost:8899/assets/fonts/bodoni-moda-latin.woff2 → 200 (?ms, -189B)
[2026-08-25T14:26:39.348Z] GET http://localhost:8899/assets/fonts/inter-latin.woff2 → 200 (?ms, -189B)
[2026-08-25T14:26:39.348Z] GET http://localhost:8899/styles.css → 304 (?ms, ?B)
[2026-08-25T14:26:39.348Z] GET http://localhost:8899/assets/CLAN_YUJO_LOGO_FULL_1__Vectorized_.svg → 200 (?ms, -191B)
[2026-08-25T14:26:39.348Z] GET http://localhost:8899/assets/mms_logo.svg → 200 (?ms, -192B)
[2026-08-25T14:26:39.348Z] GET http://localhost:8899/script.js → 304 (?ms, ?B)
[2026-08-25T14:27:16.695Z] GET http://localhost:8899/ → 200 (2ms, ?B)
[2026-08-25T14:27:16.702Z] GET http://localhost:8899/assets/fonts/bodoni-moda-latin.woff2 → 304 (1ms, ?B)
[2026-08-25T14:27:16.702Z] GET http://localhost:8899/assets/fonts/inter-latin.woff2 → 304 (1ms, ?B)
[2026-08-25T14:27:16.702Z] GET http://localhost:8899/styles.css → 200 (1ms, 27568B)
[2026-08-25T14:27:16.702Z] GET http://localhost:8899/assets/CLAN_YUJO_LOGO_FULL_1__Vectorized_.svg → 200 (?ms, -191B)
[2026-08-25T14:27:16.702Z] GET http://localhost:8899/assets/mms_logo.svg → 200 (?ms, -192B)
[2026-08-25T14:27:16.702Z] GET http://localhost:8899/script.js → 304 (1ms, ?B)
[2026-08-25T14:27:52.812Z] GET http://localhost:8899/ → 200 (4ms, ?B)
[2026-08-25T14:27:52.819Z] GET http://localhost:8899/assets/fonts/bodoni-moda-latin.woff2 → 200 (?ms, -189B)
[2026-08-25T14:27:52.820Z] GET http://localhost:8899/assets/fonts/inter-latin.woff2 → 200 (?ms, -189B)
[2026-08-25T14:27:52.820Z] GET http://localhost:8899/styles.css → 200 (2ms, 27675B)
[2026-08-25T14:27:52.820Z] GET http://localhost:8899/assets/CLAN_YUJO_LOGO_FULL_1__Vectorized_.svg → 304 (1ms, ?B)
[2026-08-25T14:27:52.820Z] GET http://localhost:8899/assets/mms_logo.svg → 304 (2ms, ?B)
[2026-08-25T14:27:52.821Z] GET http://localhost:8899/script.js → 200 (?ms, -193B)
[2026-08-25T14:28:07.095Z] GET http://localhost:8899/ → 200 (1ms, ?B)
[2026-08-25T14:28:07.100Z] GET http://localhost:8899/assets/fonts/bodoni-moda-latin.woff2 → 200 (?ms, -189B)
[2026-08-25T14:28:07.100Z] GET http://localhost:8899/assets/fonts/inter-latin.woff2 → 200 (?ms, -189B)
[2026-08-25T14:28:07.100Z] GET http://localhost:8899/styles.css → 304 (1ms, ?B)
[2026-08-25T14:28:07.100Z] GET http://localhost:8899/assets/CLAN_YUJO_LOGO_FULL_1__Vectorized_.svg → 200 (1ms, -191B)
[2026-08-25T14:28:07.101Z] GET http://localhost:8899/assets/mms_logo.svg → 200 (?ms, -192B)
[2026-08-25T14:28:07.101Z] GET http://localhost:8899/script.js → 304 (?ms, ?B)
[2026-08-25T14:28:33.645Z] GET http://localhost:8899/ → 200 (10ms, ?B)
[2026-08-25T14:28:33.656Z] GET http://localhost:8899/assets/fonts/bodoni-moda-latin.woff2 → 304 (1ms, ?B)
[2026-08-25T14:28:33.656Z] GET http://localhost:8899/assets/fonts/inter-latin.woff2 → 304 (1ms, ?B)
[2026-08-25T14:28:33.656Z] GET http://localhost:8899/styles.css → 304 (1ms, ?B)
[2026-08-25T14:28:33.656Z] GET http://localhost:8899/assets/CLAN_YUJO_LOGO_FULL_1__Vectorized_.svg → 200 (?ms, -191B)
[2026-08-25T14:28:33.656Z] GET http://localhost:8899/assets/mms_logo.svg → 200 (?ms, -192B)
[2026-08-25T14:28:33.656Z] GET http://localhost:8899/script.js → 200 (?ms, -193B)
[2026-08-25T14:28:59.226Z] GET http://localhost:8900/ → 200 (4ms, 28348B)
[2026-08-25T14:28:59.237Z] GET http://localhost:8900/assets/fonts/bodoni-moda-latin.woff2 → 200 (4ms, 46248B)
[2026-08-25T14:28:59.237Z] GET http://localhost:8900/assets/fonts/inter-latin.woff2 → 200 (4ms, 48432B)
[2026-08-25T14:28:59.237Z] GET http://localhost:8900/styles.css → 200 (?ms, 27646B)
[2026-08-25T14:28:59.237Z] GET http://localhost:8900/assets/CLAN_YUJO_LOGO_FULL_1__Vectorized_.svg → 200 (3ms, 4513B)
[2026-08-25T14:28:59.237Z] GET http://localhost:8900/assets/mms_logo.svg → 200 (?ms, 11313B)
[2026-08-25T14:28:59.237Z] GET http://localhost:8900/script.js → 200 (4ms, 6674B)
[2026-08-25T14:29:23.826Z] GET http://localhost:8899/ → 200 (6ms, ?B)
[2026-08-25T14:29:23.850Z] GET http://localhost:8899/assets/fonts/bodoni-moda-latin.woff2 → 200 (3ms, -189B)
[2026-08-25T14:29:23.850Z] GET http://localhost:8899/assets/fonts/inter-latin.woff2 → 200 (3ms, -189B)
[2026-08-25T14:29:23.850Z] GET http://localhost:8899/styles.css → 304 (3ms, ?B)
[2026-08-25T14:29:23.850Z] GET http://localhost:8899/assets/CLAN_YUJO_LOGO_FULL_1__Vectorized_.svg → 200 (1ms, -191B)
[2026-08-25T14:29:23.850Z] GET http://localhost:8899/assets/mms_logo.svg → 200 (2ms, -192B)
[2026-08-25T14:29:23.850Z] GET http://localhost:8899/script.js → 304 (4ms, ?B)
[2026-08-25T14:29:51.182Z] GET http://localhost:8899/ → 200 (1ms, ?B)
[2026-08-25T14:29:51.188Z] GET http://localhost:8899/assets/fonts/bodoni-moda-latin.woff2 → 200 (1ms, -189B)
[2026-08-25T14:29:51.188Z] GET http://localhost:8899/assets/fonts/inter-latin.woff2 → 200 (1ms, -189B)
[2026-08-25T14:29:51.188Z] GET http://localhost:8899/styles.css → 304 (1ms, ?B)
[2026-08-25T14:29:51.188Z] GET http://localhost:8899/assets/CLAN_YUJO_LOGO_FULL_1__Vectorized_.svg → 200 (?ms, -191B)
[2026-08-25T14:29:51.189Z] GET http://localhost:8899/assets/mms_logo.svg → 200 (?ms, -192B)
[2026-08-25T14:29:51.189Z] GET http://localhost:8899/script.js → 200 (?ms, -193B)
[2026-08-25T14:29:53.935Z] GET http://localhost:8899/ → 200 (1ms, -188B)
[2026-08-25T14:29:53.939Z] GET http://localhost:8899/assets/fonts/bodoni-moda-latin.woff2 → 200 (11ms, -189B)
[2026-08-25T14:29:53.939Z] GET http://localhost:8899/assets/fonts/inter-latin.woff2 → 200 (11ms, -189B)
[2026-08-25T14:29:53.939Z] GET http://localhost:8899/styles.css → 200 (?ms, -187B)
[2026-08-25T14:29:53.940Z] GET http://localhost:8899/assets/CLAN_YUJO_LOGO_FULL_1__Vectorized_.svg → 304 (11ms, ?B)
[2026-08-25T14:29:53.940Z] GET http://localhost:8899/assets/mms_logo.svg → 304 (11ms, ?B)
[2026-08-25T14:29:53.940Z] GET http://localhost:8899/script.js → 200 (?ms, -193B)
[2026-08-25T14:29:56.644Z] GET http://localhost:8899/ → 200 (1ms, -188B)
[2026-08-25T14:29:56.648Z] GET http://localhost:8899/assets/fonts/bodoni-moda-latin.woff2 → 200 (11ms, ?B)
[2026-08-25T14:29:56.648Z] GET http://localhost:8899/assets/fonts/inter-latin.woff2 → 200 (11ms, ?B)
[2026-08-25T14:29:56.648Z] GET http://localhost:8899/styles.css → 200 (?ms, -187B)
[2026-08-25T14:29:56.648Z] GET http://localhost:8899/assets/CLAN_YUJO_LOGO_FULL_1__Vectorized_.svg → 200 (?ms, -191B)
[2026-08-25T14:29:56.648Z] GET http://localhost:8899/assets/mms_logo.svg → 200 (?ms, -192B)
[2026-08-25T14:29:56.648Z] GET http://localhost:8899/script.js → 200 (1ms, -193B)
[2026-08-25T14:30:18.914Z] GET http://localhost:8899/ → 200 (7ms, ?B)
[2026-08-25T14:30:18.926Z] GET http://localhost:8899/assets/fonts/bodoni-moda-latin.woff2 → 200 (3ms, -189B)
[2026-08-25T14:30:18.926Z] GET http://localhost:8899/assets/fonts/inter-latin.woff2 → 200 (3ms, -189B)
[2026-08-25T14:30:18.926Z] GET http://localhost:8899/styles.css → 304 (3ms, ?B)
[2026-08-25T14:30:18.926Z] GET http://localhost:8899/assets/CLAN_YUJO_LOGO_FULL_1__Vectorized_.svg → 200 (?ms, -191B)
[2026-08-25T14:30:18.926Z] GET http://localhost:8899/assets/mms_logo.svg → 200 (?ms, -192B)
[2026-08-25T14:30:18.926Z] GET http://localhost:8899/script.js → 304 (3ms, ?B)
[2026-08-25T14:30:38.650Z] GET http://localhost:8899/ → 200 (1ms, -188B)
[2026-08-25T14:30:38.656Z] GET http://localhost:8899/assets/fonts/bodoni-moda-latin.woff2 → 200 (10ms, -189B)
[2026-08-25T14:30:38.656Z] GET http://localhost:8899/assets/fonts/inter-latin.woff2 → 200 (10ms, -189B)
[2026-08-25T14:30:38.656Z] GET http://localhost:8899/styles.css → 304 (1ms, ?B)
[2026-08-25T14:30:38.657Z] GET http://localhost:8899/assets/CLAN_YUJO_LOGO_FULL_1__Vectorized_.svg → 200 (?ms, -191B)
[2026-08-25T14:30:38.657Z] GET http://localhost:8899/assets/mms_logo.svg → 200 (?ms, -192B)
[2026-08-25T14:30:38.657Z] GET http://localhost:8899/script.js → 200 (?ms, -193B)
[2026-08-25T14:30:56.203Z] GET http://localhost:8899/ → 200 (3ms, ?B)
[2026-08-25T14:30:56.210Z] GET http://localhost:8899/assets/fonts/bodoni-moda-latin.woff2 → 200 (16ms, -189B)
[2026-08-25T14:30:56.210Z] GET http://localhost:8899/assets/fonts/inter-latin.woff2 → 200 (15ms, -189B)
[2026-08-25T14:30:56.210Z] GET http://localhost:8899/styles.css → 200 (?ms, 27281B)
[2026-08-25T14:30:56.210Z] GET http://localhost:8899/assets/CLAN_YUJO_LOGO_FULL_1__Vectorized_.svg → 200 (?ms, -191B)
[2026-08-25T14:30:56.210Z] GET http://localhost:8899/assets/mms_logo.svg → 200 (?ms, -192B)
[2026-08-25T14:30:56.210Z] GET http://localhost:8899/script.js → 200 (?ms, -193B)
[2026-08-25T14:31:15.751Z] GET http://localhost:8899/ → 200 (?ms, -188B)
[2026-08-25T14:31:15.754Z] GET http://localhost:8899/assets/fonts/bodoni-moda-latin.woff2 → 200 (?ms, -189B)
[2026-08-25T14:31:15.755Z] GET http://localhost:8899/assets/fonts/inter-latin.woff2 → 200 (?ms, -189B)
[2026-08-25T14:31:15.755Z] GET http://localhost:8899/styles.css → 200 (?ms, 27265B)
[2026-08-25T14:31:15.755Z] GET http://localhost:8899/assets/CLAN_YUJO_LOGO_FULL_1__Vectorized_.svg → 200 (?ms, -191B)
[2026-08-25T14:31:15.755Z] GET http://localhost:8899/assets/mms_logo.svg → 200 (?ms, -192B)
[2026-08-25T14:31:15.755Z] GET http://localhost:8899/script.js → 304 (1ms, ?B)
[2026-08-25T14:31:18.681Z] GET http://localhost:8899/ → 200 (1ms, -188B)
[2026-08-25T14:31:18.685Z] GET http://localhost:8899/assets/fonts/bodoni-moda-latin.woff2 → 200 (1ms, -189B)
[2026-08-25T14:31:18.686Z] GET http://localhost:8899/assets/fonts/inter-latin.woff2 → 200 (?ms, -189B)
[2026-08-25T14:31:18.686Z] GET http://localhost:8899/styles.css → 304 (?ms, ?B)
[2026-08-25T14:31:18.686Z] GET http://localhost:8899/assets/CLAN_YUJO_LOGO_FULL_1__Vectorized_.svg → 200 (?ms, -191B)
[2026-08-25T14:31:18.686Z] GET http://localhost:8899/assets/mms_logo.svg → 200 (?ms, -192B)
[2026-08-25T14:31:18.686Z] GET http://localhost:8899/script.js → 200 (?ms, -193B)
[2026-08-25T14:31:21.574Z] GET http://localhost:8899/ → 200 (?ms, -188B)
[2026-08-25T14:31:21.578Z] GET http://localhost:8899/assets/fonts/bodoni-moda-latin.woff2 → 200 (?ms, -189B)
[2026-08-25T14:31:21.578Z] GET http://localhost:8899/assets/fonts/inter-latin.woff2 → 200 (?ms, -189B)
[2026-08-25T14:31:21.578Z] GET http://localhost:8899/styles.css → 304 (1ms, ?B)
[2026-08-25T14:31:21.578Z] GET http://localhost:8899/assets/CLAN_YUJO_LOGO_FULL_1__Vectorized_.svg → 200 (?ms, -191B)
[2026-08-25T14:31:21.578Z] GET http://localhost:8899/assets/mms_logo.svg → 200 (1ms, -192B)
[2026-08-25T14:31:21.579Z] GET http://localhost:8899/script.js → 200 (?ms, -193B)
[2026-08-25T14:31:52.648Z] GET http://localhost:8899/ → 200 (4ms, ?B)
[2026-08-25T14:31:52.656Z] GET http://localhost:8899/assets/fonts/bodoni-moda-latin.woff2 → 304 (3ms, ?B)
[2026-08-25T14:31:52.657Z] GET http://localhost:8899/assets/fonts/inter-latin.woff2 → 304 (2ms, ?B)
[2026-08-25T14:31:52.657Z] GET http://localhost:8899/styles.css → 200 (2ms, 27265B)
[2026-08-25T14:31:52.657Z] GET http://localhost:8899/assets/CLAN_YUJO_LOGO_FULL_1__Vectorized_.svg → 200 (?ms, -191B)
[2026-08-25T14:31:52.658Z] GET http://localhost:8899/assets/mms_logo.svg → 200 (?ms, -192B)
[2026-08-25T14:31:52.658Z] GET http://localhost:8899/script.js → 200 (?ms, -193B)
[2026-08-25T14:32:16.262Z] GET http://localhost:8899/ → 200 (2ms, -188B)
[2026-08-25T14:32:16.266Z] GET http://localhost:8899/assets/fonts/bodoni-moda-latin.woff2 → 200 (?ms, -189B)
[2026-08-25T14:32:16.266Z] GET http://localhost:8899/assets/fonts/inter-latin.woff2 → 200 (?ms, -189B)
[2026-08-25T14:32:16.266Z] GET http://localhost:8899/styles.css → 304 (1ms, ?B)
[2026-08-25T14:32:16.266Z] GET http://localhost:8899/assets/CLAN_YUJO_LOGO_FULL_1__Vectorized_.svg → 304 (1ms, ?B)
[2026-08-25T14:32:16.266Z] GET http://localhost:8899/assets/mms_logo.svg → 304 (1ms, ?B)
[2026-08-25T14:32:16.266Z] GET http://localhost:8899/script.js → 200 (1ms, -193B)
[2026-08-25T14:32:19.194Z] GET http://localhost:8899/ → 200 (?ms, -188B)
[2026-08-25T14:32:19.197Z] GET http://localhost:8899/assets/fonts/bodoni-moda-latin.woff2 → 200 (?ms, -189B)
[2026-08-25T14:32:19.198Z] GET http://localhost:8899/assets/fonts/inter-latin.woff2 → 200 (?ms, -189B)
[2026-08-25T14:32:19.198Z] GET http://localhost:8899/styles.css → 304 (1ms, ?B)
[2026-08-25T14:32:19.198Z] GET http://localhost:8899/assets/CLAN_YUJO_LOGO_FULL_1__Vectorized_.svg → 200 (?ms, -191B)
[2026-08-25T14:32:19.199Z] GET http://localhost:8899/assets/mms_logo.svg → 200 (?ms, -192B)
[2026-08-25T14:32:19.199Z] GET http://localhost:8899/script.js → 304 (?ms, ?B)
[2026-08-25T14:32:22.122Z] GET http://localhost:8899/ → 200 (1ms, -188B)
[2026-08-25T14:32:22.128Z] GET http://localhost:8899/assets/fonts/bodoni-moda-latin.woff2 → 200 (?ms, -189B)
[2026-08-25T14:32:22.128Z] GET http://localhost:8899/assets/fonts/inter-latin.woff2 → 200 (?ms, -189B)
[2026-08-25T14:32:22.128Z] GET http://localhost:8899/styles.css → 304 (1ms, ?B)
[2026-08-25T14:32:22.128Z] GET http://localhost:8899/assets/CLAN_YUJO_LOGO_FULL_1__Vectorized_.svg → 200 (?ms, -191B)
[2026-08-25T14:32:22.128Z] GET http://localhost:8899/assets/mms_logo.svg → 200 (?ms, -192B)
[2026-08-25T14:32:22.128Z] GET http://localhost:8899/script.js → 200 (?ms, -193B)
[2026-08-25T14:32:25.078Z] GET http://localhost:8899/ → 200 (1ms, -188B)
[2026-08-25T14:32:25.086Z] GET http://localhost:8899/assets/fonts/bodoni-moda-latin.woff2 → 200 (?ms, -189B)
[2026-08-25T14:32:25.086Z] GET http://localhost:8899/assets/fonts/inter-latin.woff2 → 200 (?ms, -189B)
[2026-08-25T14:32:25.086Z] GET http://localhost:8899/styles.css → 304 (?ms, ?B)
[2026-08-25T14:32:25.086Z] GET http://localhost:8899/assets/CLAN_YUJO_LOGO_FULL_1__Vectorized_.svg → 200 (?ms, -191B)
[2026-08-25T14:32:25.086Z] GET http://localhost:8899/assets/mms_logo.svg → 200 (?ms, -192B)
[2026-08-25T14:32:25.086Z] GET http://localhost:8899/script.js → 200 (?ms, -193B)
[2026-08-25T14:32:26.081Z] GET http://localhost:8899/ → 200 (?ms, -188B)
[2026-08-25T14:32:26.085Z] GET http://localhost:8899/assets/fonts/bodoni-moda-latin.woff2 → 200 (?ms, -189B)
[2026-08-25T14:32:26.086Z] GET http://localhost:8899/assets/fonts/inter-latin.woff2 → 200 (?ms, -189B)
[2026-08-25T14:32:26.086Z] GET http://localhost:8899/styles.css → 200 (?ms, -187B)
[2026-08-25T14:32:26.086Z] GET http://localhost:8899/assets/CLAN_YUJO_LOGO_FULL_1__Vectorized_.svg → 200 (?ms, -191B)
[2026-08-25T14:32:26.086Z] GET http://localhost:8899/assets/mms_logo.svg → 200 (?ms, -192B)
[2026-08-25T14:32:26.086Z] GET http://localhost:8899/script.js → 200 (?ms, -193B)
[2026-08-25T14:32:27.076Z] GET http://localhost:8899/ → 200 (?ms, -188B)
[2026-08-25T14:32:27.080Z] GET http://localhost:8899/assets/fonts/bodoni-moda-latin.woff2 → 200 (?ms, -189B)
[2026-08-25T14:32:27.080Z] GET http://localhost:8899/assets/fonts/inter-latin.woff2 → 200 (?ms, -189B)
[2026-08-25T14:32:27.080Z] GET http://localhost:8899/styles.css → 200 (?ms, -187B)
[2026-08-25T14:32:27.080Z] GET http://localhost:8899/assets/CLAN_YUJO_LOGO_FULL_1__Vectorized_.svg → 200 (?ms, -191B)
[2026-08-25T14:32:27.080Z] GET http://localhost:8899/assets/mms_logo.svg → 200 (?ms, -192B)
[2026-08-25T14:32:27.080Z] GET http://localhost:8899/script.js → 200 (?ms, -193B)
[2026-08-25T14:32:42.862Z] GET http://localhost:8899/ → 200 (1ms, ?B)
[2026-08-25T14:32:42.866Z] GET http://localhost:8899/assets/fonts/bodoni-moda-latin.woff2 → 200 (1ms, -189B)
[2026-08-25T14:32:42.867Z] GET http://localhost:8899/assets/fonts/inter-latin.woff2 → 200 (?ms, -189B)
[2026-08-25T14:32:42.867Z] GET http://localhost:8899/styles.css → 304 (?ms, ?B)
[2026-08-25T14:32:42.867Z] GET http://localhost:8899/assets/CLAN_YUJO_LOGO_FULL_1__Vectorized_.svg → 200 (?ms, -191B)
[2026-08-25T14:32:42.867Z] GET http://localhost:8899/assets/mms_logo.svg → 200 (?ms, -192B)
[2026-08-25T14:32:42.867Z] GET http://localhost:8899/script.js → 200 (?ms, -193B)
[2026-08-25T14:32:56.758Z] GET http://localhost:8899/ → 200 (?ms, -188B)
[2026-08-25T14:32:56.762Z] GET http://localhost:8899/assets/fonts/bodoni-moda-latin.woff2 → 200 (?ms, -189B)
[2026-08-25T14:32:56.762Z] GET http://localhost:8899/assets/fonts/inter-latin.woff2 → 200 (?ms, -189B)
[2026-08-25T14:32:56.762Z] GET http://localhost:8899/styles.css → 304 (1ms, ?B)
[2026-08-25T14:32:56.762Z] GET http://localhost:8899/assets/CLAN_YUJO_LOGO_FULL_1__Vectorized_.svg → 200 (?ms, -191B)
[2026-08-25T14:32:56.762Z] GET http://localhost:8899/assets/mms_logo.svg → 200 (?ms, -192B)
[2026-08-25T14:32:56.762Z] GET http://localhost:8899/script.js → 200 (1ms, -193B)
[2026-08-25T14:32:57.892Z] GET http://localhost:8899/ → 200 (?ms, -188B)
[2026-08-25T14:32:57.895Z] GET http://localhost:8899/assets/fonts/bodoni-moda-latin.woff2 → 200 (?ms, -189B)
[2026-08-25T14:32:57.896Z] GET http://localhost:8899/assets/fonts/inter-latin.woff2 → 200 (?ms, -189B)
[2026-08-25T14:32:57.896Z] GET http://localhost:8899/styles.css → 200 (?ms, -187B)
[2026-08-25T14:32:57.896Z] GET http://localhost:8899/assets/CLAN_YUJO_LOGO_FULL_1__Vectorized_.svg → 200 (?ms, -191B)
[2026-08-25T14:32:57.896Z] GET http://localhost:8899/assets/mms_logo.svg → 200 (?ms, -192B)
[2026-08-25T14:32:57.896Z] GET http://localhost:8899/script.js → 200 (?ms, -193B)
